// Jest Snapshot v1, https://goo.gl/fbAQLP

exports[`Pruebas en el archivo CounterApp.test.js <CounterApp /> debe mostrarse correctamente (match snapshot) y sus valores por defecto 1`] = `
<Fragment>
  <h1>
     CounterApp 
  </h1>
  <h2>
     
    0
     
  </h2>
  <button
    onClick={[Function]}
  >
    +1
  </button>
  <button
    onClick={[Function]}
  >
    Reset
  </button>
  <button
    onClick={[Function]}
  >
    -1
  </button>
</Fragment>
`;

exports[`Pruebas en el archivo CounterApp.test.js CounterApp debe mostrar el valor por defecto 100 1`] = `
<Fragment>
  <h1>
     CounterApp 
  </h1>
  <h2>
     
    100
     
  </h2>
  <button
    onClick={[Function]}
  >
    +1
  </button>
  <button
    onClick={[Function]}
  >
    Reset
  </button>
  <button
    onClick={[Function]}
  >
    -1
  </button>
</Fragment>
`;
