// Jest Snapshot v1, https://goo.gl/fbAQLP

exports[`Pruebas en el componente AddCategory   AddCategory.test.js Debe de mostrarse correctamente 1`] = `
<form
  onSubmit={[Function]}
>
  <input
    onChange={[Function]}
    type="text"
    value=""
  />
</form>
`;
