// Jest Snapshot v1, https://goo.gl/fbAQLP

exports[`Pruebas en el componente GifGrid   GifGrid.test.js Debe de mostrarse correctamente 1`] = `
<Fragment>
  <h3
    className="animate__animated animate__fadeIn"
  >
    One Punch
  </h3>
  <p
    className="animate__animated animate__flash"
  >
    Cargando...
  </p>
  <div
    className="card-grid"
  />
</Fragment>
`;
