// Jest Snapshot v1, https://goo.gl/fbAQLP

exports[`Pruebas en el componente GifGridItem   GifGridItem.test.js El itemm debe renderizarse correctamente 1`] = `
<div
  className="card animate__animated animate__fadeIn"
>
  <img
    alt="Titulo"
    src="https://media.giphy.com/media/3o7btLwvZuXyj3N3zS/giphy.gif"
  />
  <p>
    Titulo
  </p>
</div>
`;
